sending version
displayed background with objNum: 4
displayed background with objNum: 5
sending version
sending version
sending version
sending version
sending version
changed alarm to a frequency of 1 and a duty of 10
changed alarm to a frequency of 1 and a duty of 10
sending version
recieved partial text packet
recieved partial text packet
Disp text: "CODE 45             ", objNum = 61
sending version
sending version
sending version
sending version
sending version
sending version
sending version
changed alarm to a frequency of 1 and a duty of 30
sending version
sending version
sending version
sending version
sending version
sending version
sending version
sending version
changed alarm to a frequency of 1 and a duty of 10
sending version
sending version
sending version
sending version
recieved partial text packet
recieved partial text packet
Disp text: "                   I", objNum = 61
sending version
sending version
recieved partial text packet
recieved partial text packet
Disp text: "                  In", objNum = 61
sending version
sending version
changed alarm to a frequency of 1 and a duty of 30
recieved partial text packet
recieved partial text packet
Disp text: "                 Inf", objNum = 61
sending version
sending version
recieved partial text packet
recieved partial text packet
Disp text: "                Info", objNum = 61
sending version
sending version
recieved partial text packet
recieved partial text packet
Disp text: "               Infor", objNum = 61
sending version
sending version
recieved partial text packet
recieved partial text packet
Disp text: "              Inform", objNum = 61
sending version
changed alarm to a frequency of 1 and a duty of 10
sending version
recieved partial text packet
recieved partial text packet
Disp text: "             Inform ", objNum = 61
sending version
sending version
recieved partial text packet
recieved partial text packet
Disp text: "            Inform S", objNum = 61
sending version
sending version
recieved partial text packet
recieved partial text packet
Disp text: "           Inform Se", objNum = 61
sending version
sending version
recieved partial text packet
recieved partial text packet
Disp text: "          Inform Ser", objNum = 61
sending version
changed alarm to a frequency of 1 and a duty of 30
sending version
recieved partial text packet
recieved partial text packet
Disp text: "         Inform Serv", objNum = 61
sending version
sending version
recieved partial text packet
recieved partial text packet
Disp text: "        Inform Servi", objNum = 61
sending version
sending version
recieved partial text packet
recieved partial text packet
Disp text: "       Inform Servic", objNum = 61
sending version
sending version
recieved partial text packet
recieved partial text packet
Disp text: "      Inform Service", objNum = 61
changed alarm to a frequency of 0 and a duty of 0
sending version
changed alarm to a frequency of 0 and a duty of 0
sending version
recieved partial text packet
recieved partial text packet
Disp text: "     Inform Service ", objNum = 61
sending version
sending version
recieved partial text packet
recieved partial text packet
Disp text: "    Inform Service _", objNum = 61
sending version
sending version
recieved partial text packet
recieved partial text packet
Disp text: "   Inform Service __", objNum = 61
displayed background with objNum: 4
sending version
displayed background with objNum: 4
sending version
recieved partial text packet
recieved partial text packet
Disp text: "  Inform Service ___", objNum = 61
recieved partial text packet
Disp text: "       ", objNum = 146
displayed image with objNum: 44
sending version
sending version
displayed background with objNum: 147
recieved partial text packet
Disp text: "   0lb", objNum = 59
displayed image with objNum: 57
Disp text: "0.0", objNum = 60
displayed image with objNum: 18
displayed image with objNum: 30
recieved partial text packet
Disp text: "  0in", objNum = 58
sending version
displayed image with objNum: 31
displayed image with objNum: 134
displayed image with objNum: 121
sending version
displayed image with objNum: 98
displayed image with objNum: 101
sending version
sending version
recieved partial text packet
recieved partial text packet
Disp text: " Inform Service ____", objNum = 61
displayed image with objNum: 44
sending version
sending version
sending version
recieved partial text packet
recieved partial text packet
Disp text: "Inform Service _____", objNum = 61
displayed image with objNum: 44
sending version
sending version
sending version
recieved partial text packet
recieved partial text packet
Disp text: "nform Service ______", objNum = 61
displayed image with objNum: 44
sending version
sending version
sending version
sending version
recieved partial text packet
recieved partial text packet
Disp text: "form Service _______", objNum = 61
displayed image with objNum: 44
sending version
sending version
sending version
recieved partial text packet
recieved partial text packet
Disp text: "orm Service ________", objNum = 61
displayed image with objNum: 44
sending version
sending version
recieved partial text packet
Disp text: "113in", objNum = 58
displayed image with objNum: 34
displayed image with objNum: 134
changed alarm to a frequency of 78 and a duty of 7
displayed image with objNum: 109
sending version
displayed image with objNum: 98
changed alarm to a frequency of 0 and a duty of 0
displayed image with objNum: 99
sending version
changed alarm to a frequency of 31 and a duty of 7
sending version
recieved partial text packet
recieved partial text packet
Disp text: "rm Service _________", objNum = 61
changed alarm to a frequency of 0 and a duty of 0
displayed image with objNum: 44
sending version
changed alarm to a frequency of 78 and a duty of 7
sending version
changed alarm to a frequency of 0 and a duty of 0
sending version
changed alarm to a frequency of 0 and a duty of 0
recieved partial text packet
recieved partial text packet
Disp text: "m Service __________", objNum = 61
displayed image with objNum: 44
sending version
sending version
sending version
recieved partial text packet
recieved partial text packet
Disp text: " Service ___________", objNum = 61
displayed image with objNum: 44
sending version
sending version
sending version
recieved partial text packet
recieved partial text packet
Disp text: "Service ___________ ", objNum = 61
displayed image with objNum: 44
sending version
sending version
recieved partial text packet
recieved partial text packet
Disp text: "ervice ___________ _", objNum = 61
displayed image with objNum: 44
sending version
sending version
sending version
recieved partial text packet
recieved partial text packet
Disp text: "rvice ___________ __", objNum = 61
displayed image with objNum: 44
sending version
sending version
sending version
recieved partial text packet
recieved partial text packet
Disp text: "vice ___________ ___", objNum = 61
displayed image with objNum: 44
sending version
sending version
sending version
recieved partial text packet
recieved partial text packet
Disp text: "ice ___________ ____", objNum = 61
displayed image with objNum: 44
sending version
sending version
sending version
recieved partial text packet
recieved partial text packet
Disp text: "ce ___________ _____", objNum = 61
displayed image with objNum: 44
sending version
sending version
sending version
recieved partial text packet
recieved partial text packet
Disp text: "e ___________ ______", objNum = 61
displayed image with objNum: 44
sending version
sending version
sending version
recieved partial text packet
recieved partial text packet
Disp text: " ___________ _______", objNum = 61
displayed image with objNum: 44
sending version
sending version
sending version
recieved partial text packet
recieved partial text packet
Disp text: "___________ ________", objNum = 61
displayed image with objNum: 44
sending version
sending version
sending version
recieved partial text packet
recieved partial text packet
Disp text: "__________ _________", objNum = 61
displayed image with objNum: 44
sending version
sending version
sending version
recieved partial text packet
recieved partial text packet
Disp text: "_________ __________", objNum = 61
displayed image with objNum: 44
sending version
sending version
recieved partial text packet
recieved partial text packet
Disp text: "________ ___________", objNum = 61
displayed image with objNum: 44
sending version
sending version
sending version
recieved partial text packet
recieved partial text packet
Disp text: "_______ ____________", objNum = 61
displayed image with objNum: 44
sending version
sending version
sending version
recieved partial text packet
recieved partial text packet
Disp text: "______ _____________", objNum = 61
displayed image with objNum: 44
sending version
sending version
sending version
recieved partial text packet
recieved partial text packet
Disp text: "_____ ______________", objNum = 61
displayed image with objNum: 44
sending version
sending version
sending version
recieved partial text packet
recieved partial text packet
Disp text: "____ _______________", objNum = 61
displayed image with objNum: 44
sending version
sending version
sending version
recieved partial text packet
recieved partial text packet
Disp text: "___ _______________ ", objNum = 61
displayed image with objNum: 44
sending version
sending version
sending version
recieved partial text packet
recieved partial text packet
Disp text: "__ _______________  ", objNum = 61
displayed image with objNum: 44
sending version
sending version
sending version
recieved partial text packet
recieved partial text packet
Disp text: "_ _______________   ", objNum = 61
displayed image with objNum: 44
sending version
sending version
recieved partial text packet
Disp text: " 92% ", objNum = 58
displayed image with objNum: 16
sending version
sending version
recieved partial text packet
recieved partial text packet
Disp text: " _______________    ", objNum = 61
displayed image with objNum: 44
sending version
TIMEOUT: no command received in the last 4000ms
